[      77ms] [WARNING] ⚠️ React Router Future Flag Warning: React Router will begin wrapping state updates in `React.startTransition` in v7. You can use the `v7_startTransition` future flag to opt-in early. For more information, see https://reactrouter.com/v6/upgrading/future#v7_starttransition. @ http://localhost:3013/static/js/main.3b002a31.js:1
[      77ms] [WARNING] ⚠️ React Router Future Flag Warning: Relative route resolution within Splat routes is changing in v7. You can use the `v7_relativeSplatPath` future flag to opt-in early. For more information, see https://reactrouter.com/v6/upgrading/future#v7_relativesplatpath. @ http://localhost:3013/static/js/main.3b002a31.js:1
[     431ms] [ERROR] Access to XMLHttpRequest at 'https://herd-game-backend-production.up.railway.app/socket.io/?EIO=4&transport=polling&t=ozx7efn6' from origin 'http://localhost:3013' has been blocked by CORS policy: No 'Access-Control-Allow-Origin' header is present on the requested resource. @ http://localhost:3013/:0
[     431ms] [ERROR] Failed to load resource: net::ERR_FAILED @ https://herd-game-backend-production.up.railway.app/socket.io/?EIO=4&transport=polling&t=ozx7efn6:0
[     467ms] [ERROR] Access to fetch at 'https://herd-game-backend-production.up.railway.app/api/game-stats' from origin 'http://localhost:3013' has been blocked by CORS policy: No 'Access-Control-Allow-Origin' header is present on the requested resource. @ http://localhost:3013/:0
[     468ms] [ERROR] Failed to load resource: net::ERR_FAILED @ https://herd-game-backend-production.up.railway.app/api/game-stats:0
[     777ms] [ERROR] Access to resource at 'https://herd-game-backend-production.up.railway.app/api/client-error' from origin 'http://localhost:3013' has been blocked by CORS policy: Response to preflight request doesn't pass access control check: No 'Access-Control-Allow-Origin' header is present on the requested resource. @ http://localhost:3013/:0
[     777ms] [ERROR] Failed to load resource: net::ERR_FAILED @ https://herd-game-backend-production.up.railway.app/api/client-error:0
[    1372ms] [ERROR] Access to XMLHttpRequest at 'https://herd-game-backend-production.up.railway.app/socket.io/?EIO=4&transport=polling&t=ozxzq1fc' from origin 'http://localhost:3013' has been blocked by CORS policy: No 'Access-Control-Allow-Origin' header is present on the requested resource. @ http://localhost:3013/:0
[    1372ms] [ERROR] Failed to load resource: net::ERR_FAILED @ https://herd-game-backend-production.up.railway.app/socket.io/?EIO=4&transport=polling&t=ozxzq1fc:0
[    4334ms] [ERROR] Access to XMLHttpRequest at 'https://herd-game-backend-production.up.railway.app/socket.io/?EIO=4&transport=polling&t=p000jw9u' from origin 'http://localhost:3013' has been blocked by CORS policy: No 'Access-Control-Allow-Origin' header is present on the requested resource. @ http://localhost:3013/:0
[    4334ms] [ERROR] Failed to load resource: net::ERR_FAILED @ https://herd-game-backend-production.up.railway.app/socket.io/?EIO=4&transport=polling&t=p000jw9u:0
[   10155ms] [ERROR] Access to XMLHttpRequest at 'https://herd-game-backend-production.up.railway.app/socket.io/?EIO=4&transport=polling&t=p04rkjwk' from origin 'http://localhost:3013' has been blocked by CORS policy: No 'Access-Control-Allow-Origin' header is present on the requested resource. @ http://localhost:3013/:0
[   10155ms] [ERROR] Failed to load resource: net::ERR_FAILED @ https://herd-game-backend-production.up.railway.app/socket.io/?EIO=4&transport=polling&t=p04rkjwk:0
[   15025ms] [ERROR] Access to XMLHttpRequest at 'https://herd-game-backend-production.up.railway.app/socket.io/?EIO=4&transport=polling&t=p08iv2qg' from origin 'http://localhost:3013' has been blocked by CORS policy: No 'Access-Control-Allow-Origin' header is present on the requested resource. @ http://localhost:3013/:0
[   15026ms] [ERROR] Failed to load resource: net::ERR_FAILED @ https://herd-game-backend-production.up.railway.app/socket.io/?EIO=4&transport=polling&t=p08iv2qg:0
[   23303ms] [ERROR] Access to XMLHttpRequest at 'https://herd-game-backend-production.up.railway.app/socket.io/?EIO=4&transport=polling&t=p0ewwue7' from origin 'http://localhost:3013' has been blocked by CORS policy: No 'Access-Control-Allow-Origin' header is present on the requested resource. @ http://localhost:3013/:0
[   23303ms] [ERROR] Failed to load resource: net::ERR_FAILED @ https://herd-game-backend-production.up.railway.app/socket.io/?EIO=4&transport=polling&t=p0ewwue7:0
[   31602ms] [ERROR] Access to XMLHttpRequest at 'https://herd-game-backend-production.up.railway.app/socket.io/?EIO=4&transport=polling&t=p0lavmhj' from origin 'http://localhost:3013' has been blocked by CORS policy: No 'Access-Control-Allow-Origin' header is present on the requested resource. @ http://localhost:3013/:0
[   31602ms] [ERROR] Failed to load resource: net::ERR_FAILED @ https://herd-game-backend-production.up.railway.app/socket.io/?EIO=4&transport=polling&t=p0lavmhj:0
[   39898ms] [ERROR] Access to XMLHttpRequest at 'https://herd-game-backend-production.up.railway.app/socket.io/?EIO=4&transport=polling&t=p0rpdijy' from origin 'http://localhost:3013' has been blocked by CORS policy: No 'Access-Control-Allow-Origin' header is present on the requested resource. @ http://localhost:3013/:0
[   39898ms] [ERROR] Failed to load resource: net::ERR_FAILED @ https://herd-game-backend-production.up.railway.app/socket.io/?EIO=4&transport=polling&t=p0rpdijy:0
[   48210ms] [ERROR] Access to XMLHttpRequest at 'https://herd-game-backend-production.up.railway.app/socket.io/?EIO=4&transport=polling&t=p0y3u4q4' from origin 'http://localhost:3013' has been blocked by CORS policy: No 'Access-Control-Allow-Origin' header is present on the requested resource. @ http://localhost:3013/:0
[   48210ms] [ERROR] Failed to load resource: net::ERR_FAILED @ https://herd-game-backend-production.up.railway.app/socket.io/?EIO=4&transport=polling&t=p0y3u4q4:0
[   56498ms] [ERROR] Access to XMLHttpRequest at 'https://herd-game-backend-production.up.railway.app/socket.io/?EIO=4&transport=polling&t=p14ipbuh' from origin 'http://localhost:3013' has been blocked by CORS policy: No 'Access-Control-Allow-Origin' header is present on the requested resource. @ http://localhost:3013/:0
[   56498ms] [ERROR] Failed to load resource: net::ERR_FAILED @ https://herd-game-backend-production.up.railway.app/socket.io/?EIO=4&transport=polling&t=p14ipbuh:0
[   64830ms] [ERROR] Access to XMLHttpRequest at 'https://herd-game-backend-production.up.railway.app/socket.io/?EIO=4&transport=polling&t=p1awwtgc' from origin 'http://localhost:3013' has been blocked by CORS policy: No 'Access-Control-Allow-Origin' header is present on the requested resource. @ http://localhost:3013/:0
[   64830ms] [ERROR] Failed to load resource: net::ERR_FAILED @ https://herd-game-backend-production.up.railway.app/socket.io/?EIO=4&transport=polling&t=p1awwtgc:0
[   73129ms] [ERROR] Access to XMLHttpRequest at 'https://herd-game-backend-production.up.railway.app/socket.io/?EIO=4&transport=polling&t=p1hcc9lv' from origin 'http://localhost:3013' has been blocked by CORS policy: No 'Access-Control-Allow-Origin' header is present on the requested resource. @ http://localhost:3013/:0
[   73129ms] [ERROR] Failed to load resource: net::ERR_FAILED @ https://herd-game-backend-production.up.railway.app/socket.io/?EIO=4&transport=polling&t=p1hcc9lv:0
[   81423ms] [ERROR] Access to XMLHttpRequest at 'https://herd-game-backend-production.up.railway.app/socket.io/?EIO=4&transport=polling&t=p1nqwb0q' from origin 'http://localhost:3013' has been blocked by CORS policy: No 'Access-Control-Allow-Origin' header is present on the requested resource. @ http://localhost:3013/:0
[   81423ms] [ERROR] Failed to load resource: net::ERR_FAILED @ https://herd-game-backend-production.up.railway.app/socket.io/?EIO=4&transport=polling&t=p1nqwb0q:0
[   89879ms] [ERROR] Access to XMLHttpRequest at 'https://herd-game-backend-production.up.railway.app/socket.io/?EIO=4&transport=polling&t=p1u5bc0x' from origin 'http://localhost:3013' has been blocked by CORS policy: No 'Access-Control-Allow-Origin' header is present on the requested resource. @ http://localhost:3013/:0
[   89879ms] [ERROR] Failed to load resource: net::ERR_FAILED @ https://herd-game-backend-production.up.railway.app/socket.io/?EIO=4&transport=polling&t=p1u5bc0x:0
[   98214ms] [ERROR] Access to XMLHttpRequest at 'https://herd-game-backend-production.up.railway.app/socket.io/?EIO=4&transport=polling&t=p20o67rg' from origin 'http://localhost:3013' has been blocked by CORS policy: No 'Access-Control-Allow-Origin' header is present on the requested resource. @ http://localhost:3013/:0
[   98214ms] [ERROR] Failed to load resource: net::ERR_FAILED @ https://herd-game-backend-production.up.railway.app/socket.io/?EIO=4&transport=polling&t=p20o67rg:0
